#-----------------------------------------------------------
# Vivado v2017.4 (64-bit)
# SW Build 2086221 on Fri Dec 15 20:55:39 MST 2017
# IP Build 2085800 on Fri Dec 15 22:25:07 MST 2017
# Start of session at: Sat Mar 31 17:02:08 2018
# Process ID: 4264
# Current directory: C:/Users/nguye/OneDrive/Documents/lab4.1
# Command line: vivado.exe -gui_launcher_event rodinguilauncherevent18080 C:\Users\nguye\OneDrive\Documents\lab4.1\ECE3570Lab2.xpr
# Log file: C:/Users/nguye/OneDrive/Documents/lab4.1/vivado.log
# Journal file: C:/Users/nguye/OneDrive/Documents/lab4.1\vivado.jou
#-----------------------------------------------------------
start_gui
open_project C:/Users/nguye/OneDrive/Documents/lab4.1/ECE3570Lab2.xpr
update_compile_order -fileset sources_1
# Disabling source management mode.  This is to allow the top design properties to be set without GUI intervention.
set_property source_mgmt_mode None [current_project]
set_property top Fetch_Decode_Test [get_filesets sim_1]
set_property top_lib xil_defaultlib [get_filesets sim_1]
# Re-enabling previously disabled source management mode.
set_property source_mgmt_mode All [current_project]
launch_simulation
open_wave_config C:/Users/nguye/OneDrive/Documents/lab4.1/CPU10Bits_Test_behav.wcfg
open_wave_config C:/Users/nguye/OneDrive/Documents/lab4.1/CPU10Bits_Test_behav1.wcfg
open_wave_config C:/Users/nguye/OneDrive/Documents/lab4.1/ForwardingUnitTest_behav.wcfg
source Fetch_Decode_Test.tcl
close_sim
launch_simulation
open_wave_config C:/Users/nguye/OneDrive/Documents/lab4.1/CPU10Bits_Test_behav.wcfg
open_wave_config C:/Users/nguye/OneDrive/Documents/lab4.1/CPU10Bits_Test_behav1.wcfg
open_wave_config C:/Users/nguye/OneDrive/Documents/lab4.1/ForwardingUnitTest_behav.wcfg
source Fetch_Decode_Test.tcl
relaunch_sim
run 1000 ns
run 1000 ns
save_wave_config {C:/Users/nguye/OneDrive/Documents/lab4.1/ForwardingUnitTest_behav.wcfg}
close_sim
launch_simulation
open_wave_config C:/Users/nguye/OneDrive/Documents/lab4.1/CPU10Bits_Test_behav.wcfg
open_wave_config C:/Users/nguye/OneDrive/Documents/lab4.1/CPU10Bits_Test_behav1.wcfg
open_wave_config C:/Users/nguye/OneDrive/Documents/lab4.1/ForwardingUnitTest_behav.wcfg
source Fetch_Decode_Test.tcl
run all
close_sim
launch_simulation
open_wave_config C:/Users/nguye/OneDrive/Documents/lab4.1/CPU10Bits_Test_behav.wcfg
open_wave_config C:/Users/nguye/OneDrive/Documents/lab4.1/CPU10Bits_Test_behav1.wcfg
open_wave_config C:/Users/nguye/OneDrive/Documents/lab4.1/ForwardingUnitTest_behav.wcfg
source Fetch_Decode_Test.tcl
# Disabling source management mode.  This is to allow the top design properties to be set without GUI intervention.
set_property source_mgmt_mode None [current_project]
set_property top Execute_Memory_Stage [current_fileset]
# Re-enabling previously disabled source management mode.
set_property source_mgmt_mode All [current_project]
update_compile_order -fileset sources_1
# Disabling source management mode.  This is to allow the top design properties to be set without GUI intervention.
set_property source_mgmt_mode None [current_project]
set_property top Execute_Memory_Test [current_fileset]
# Re-enabling previously disabled source management mode.
set_property source_mgmt_mode All [current_project]
close_sim
launch_simulation
open_wave_config C:/Users/nguye/OneDrive/Documents/lab4.1/CPU10Bits_Test_behav.wcfg
open_wave_config C:/Users/nguye/OneDrive/Documents/lab4.1/CPU10Bits_Test_behav1.wcfg
open_wave_config C:/Users/nguye/OneDrive/Documents/lab4.1/ForwardingUnitTest_behav.wcfg
source Fetch_Decode_Test.tcl
close_sim
launch_simulation
open_wave_config C:/Users/nguye/OneDrive/Documents/lab4.1/CPU10Bits_Test_behav.wcfg
open_wave_config C:/Users/nguye/OneDrive/Documents/lab4.1/CPU10Bits_Test_behav1.wcfg
open_wave_config C:/Users/nguye/OneDrive/Documents/lab4.1/ForwardingUnitTest_behav.wcfg
source Fetch_Decode_Test.tcl
# Disabling source management mode.  This is to allow the top design properties to be set without GUI intervention.
set_property source_mgmt_mode None [current_project]
set_property top Execute_Memory_Stage [get_filesets sim_1]
set_property top_lib xil_defaultlib [get_filesets sim_1]
# Re-enabling previously disabled source management mode.
set_property source_mgmt_mode All [current_project]
launch_simulation
open_wave_config C:/Users/nguye/OneDrive/Documents/lab4.1/CPU10Bits_Test_behav.wcfg
open_wave_config C:/Users/nguye/OneDrive/Documents/lab4.1/CPU10Bits_Test_behav1.wcfg
open_wave_config C:/Users/nguye/OneDrive/Documents/lab4.1/ForwardingUnitTest_behav.wcfg
source Execute_Memory_Stage.tcl
relaunch_sim
save_wave_config {C:/Users/nguye/OneDrive/Documents/lab4.1/ForwardingUnitTest_behav.wcfg}
close_sim
launch_simulation
open_wave_config C:/Users/nguye/OneDrive/Documents/lab4.1/CPU10Bits_Test_behav.wcfg
open_wave_config C:/Users/nguye/OneDrive/Documents/lab4.1/CPU10Bits_Test_behav1.wcfg
open_wave_config C:/Users/nguye/OneDrive/Documents/lab4.1/ForwardingUnitTest_behav.wcfg
source Execute_Memory_Stage.tcl
current_sim simulation_6
close_sim
relaunch_sim
# Disabling source management mode.  This is to allow the top design properties to be set without GUI intervention.
set_property source_mgmt_mode None [current_project]
set_property top Execute_Memory_Test [get_filesets sim_1]
set_property top_lib xil_defaultlib [get_filesets sim_1]
# Re-enabling previously disabled source management mode.
set_property source_mgmt_mode All [current_project]
relaunch_sim
close_sim
launch_simulation
open_wave_config C:/Users/nguye/OneDrive/Documents/lab4.1/CPU10Bits_Test_behav.wcfg
open_wave_config C:/Users/nguye/OneDrive/Documents/lab4.1/CPU10Bits_Test_behav1.wcfg
open_wave_config C:/Users/nguye/OneDrive/Documents/lab4.1/ForwardingUnitTest_behav.wcfg
source Execute_Memory_Test.tcl
restart
run 1000 ns
# Disabling source management mode.  This is to allow the top design properties to be set without GUI intervention.
set_property source_mgmt_mode None [current_project]
set_property top Write_Back_Test [get_filesets sim_1]
set_property top_lib xil_defaultlib [get_filesets sim_1]
# Re-enabling previously disabled source management mode.
set_property source_mgmt_mode All [current_project]
launch_simulation
open_wave_config C:/Users/nguye/OneDrive/Documents/lab4.1/CPU10Bits_Test_behav.wcfg
open_wave_config C:/Users/nguye/OneDrive/Documents/lab4.1/CPU10Bits_Test_behav1.wcfg
open_wave_config C:/Users/nguye/OneDrive/Documents/lab4.1/ForwardingUnitTest_behav.wcfg
source Write_Back_Test.tcl
relaunch_sim
save_wave_config {C:/Users/nguye/OneDrive/Documents/lab4.1/ForwardingUnitTest_behav.wcfg}
close_sim
launch_simulation
open_wave_config C:/Users/nguye/OneDrive/Documents/lab4.1/CPU10Bits_Test_behav.wcfg
open_wave_config C:/Users/nguye/OneDrive/Documents/lab4.1/CPU10Bits_Test_behav1.wcfg
open_wave_config C:/Users/nguye/OneDrive/Documents/lab4.1/ForwardingUnitTest_behav.wcfg
source Write_Back_Test.tcl
# Disabling source management mode.  This is to allow the top design properties to be set without GUI intervention.
set_property source_mgmt_mode None [current_project]
set_property top Fetch_Decode_Test [get_filesets sim_1]
set_property top_lib xil_defaultlib [get_filesets sim_1]
# Re-enabling previously disabled source management mode.
set_property source_mgmt_mode All [current_project]
launch_simulation
open_wave_config C:/Users/nguye/OneDrive/Documents/lab4.1/CPU10Bits_Test_behav.wcfg
open_wave_config C:/Users/nguye/OneDrive/Documents/lab4.1/CPU10Bits_Test_behav1.wcfg
open_wave_config C:/Users/nguye/OneDrive/Documents/lab4.1/ForwardingUnitTest_behav.wcfg
source Fetch_Decode_Test.tcl
relaunch_sim
# Disabling source management mode.  This is to allow the top design properties to be set without GUI intervention.
set_property source_mgmt_mode None [current_project]
set_property top Execute_Memory_Test [get_filesets sim_1]
set_property top_lib xil_defaultlib [get_filesets sim_1]
# Re-enabling previously disabled source management mode.
set_property source_mgmt_mode All [current_project]
current_sim simulation_9
close_sim
launch_simulation
open_wave_config C:/Users/nguye/OneDrive/Documents/lab4.1/CPU10Bits_Test_behav.wcfg
open_wave_config C:/Users/nguye/OneDrive/Documents/lab4.1/CPU10Bits_Test_behav1.wcfg
open_wave_config C:/Users/nguye/OneDrive/Documents/lab4.1/ForwardingUnitTest_behav.wcfg
source Execute_Memory_Test.tcl
relaunch_sim
close_sim
launch_simulation
open_wave_config C:/Users/nguye/OneDrive/Documents/lab4.1/CPU10Bits_Test_behav.wcfg
open_wave_config C:/Users/nguye/OneDrive/Documents/lab4.1/CPU10Bits_Test_behav1.wcfg
open_wave_config C:/Users/nguye/OneDrive/Documents/lab4.1/ForwardingUnitTest_behav.wcfg
source Execute_Memory_Test.tcl
relaunch_sim
current_sim simulation_11
close_sim
close_sim
close_sim
